// Jest Snapshot v1, https://goo.gl/fbAQLP

exports[`Testing Country Details Render the CountryDetails page and match with snapshot 1`] = `
<div
  className="container"
>
  <h3
    className="wait"
  >
    Loading Covid Data...
  </h3>
</div>
`;
